// Jest Snapshot v1, https://goo.gl/fbAQLP

exports[`formatDate creates a consistent date snapshot 1`] = `"5:30:AM | 1/1/1970"`;
